<?xml version="1.0" encoding="utf-8"?><testsuites><testsuite name="pytest" errors="0" failures="0" skipped="0" tests="44" time="0.669" timestamp="2025-05-16T22:25:20.617373+02:00" hostname="mbp-dom.fritz.box"><testcase classname="tests.chroma_mcp_client.validation.test_code_quality_collector.TestCodeQualityCollector" name="test_parse_ruff_output" time="0.016" /><testcase classname="tests.chroma_mcp_client.validation.test_code_quality_collector.TestCodeQualityCollector" name="test_parse_pylint_output" time="0.010" /><testcase classname="tests.chroma_mcp_client.validation.test_code_quality_collector.TestCodeQualityCollector" name="test_run_quality_tool_ruff" time="0.010" /><testcase classname="tests.chroma_mcp_client.validation.test_code_quality_collector.TestCodeQualityCollector" name="test_run_quality_tool_pylint" time="0.005" /><testcase classname="tests.chroma_mcp_client.validation.test_code_quality_collector.TestCodeQualityCollector" name="test_run_quality_tool_unsupported" time="0.009" /><testcase classname="tests.chroma_mcp_client.validation.test_code_quality_collector.TestCodeQualityCollector" name="test_run_quality_tool_error" time="0.009" /><testcase classname="tests.chroma_mcp_client.validation.test_code_quality_collector.TestCodeQualityCollector" name="test_extract_code_with_issues" time="0.011" /><testcase classname="tests.chroma_mcp_client.validation.test_code_quality_collector.TestCodeQualityCollector" name="test_extract_code_file_not_found" time="0.007" /><testcase classname="tests.chroma_mcp_client.validation.test_code_quality_collector.TestCodeQualityCollector" name="test_extract_code_with_error" time="0.005" /><testcase classname="tests.chroma_mcp_client.validation.test_code_quality_collector.TestCodeQualityCollector" name="test_compare_quality_results" time="0.006" /><testcase classname="tests.chroma_mcp_client.validation.test_code_quality_collector.TestCodeQualityCollector" name="test_create_code_quality_evidence" time="0.007" /><testcase classname="tests.chroma_mcp_client.validation.test_code_quality_collector.TestCodeQualityCollector" name="test_run_quality_check" time="0.006" /><testcase classname="tests.chroma_mcp_client.validation.test_code_quality_collector.TestCodeQualityCollector" name="test_store_quality_results" time="0.011" /><testcase classname="tests.chroma_mcp_client.validation.test_collector_test.TestTestCollector" name="test_parse_junit_xml_pass" time="0.014" /><testcase classname="tests.chroma_mcp_client.validation.test_collector_test.TestTestCollector" name="test_parse_junit_xml_fail" time="0.010" /><testcase classname="tests.chroma_mcp_client.validation.test_collector_test.TestTestCollector" name="test_parse_junit_xml_file_not_found" time="0.008" /><testcase classname="tests.chroma_mcp_client.validation.test_collector_test.TestTestCollector" name="test_compare_test_runs" time="0.004" /><testcase classname="tests.chroma_mcp_client.validation.test_collector_test.TestTestCollector" name="test_create_test_transition_evidence" time="0.006" /><testcase classname="tests.chroma_mcp_client.validation.test_collector_test.TestTestCollector" name="test_store_test_results" time="0.008" /><testcase classname="tests.chroma_mcp_client.validation.test_evidence_collector.TestEvidenceCollector" name="test_init" time="0.007" /><testcase classname="tests.chroma_mcp_client.validation.test_evidence_collector.TestEvidenceCollector" name="test_collect_test_evidence" time="0.005" /><testcase classname="tests.chroma_mcp_client.validation.test_evidence_collector.TestEvidenceCollector" name="test_collect_runtime_error_evidence" time="0.007" /><testcase classname="tests.chroma_mcp_client.validation.test_evidence_collector.TestEvidenceCollector" name="test_collect_code_quality_evidence" time="0.005" /><testcase classname="tests.chroma_mcp_client.validation.test_evidence_collector.TestEvidenceCollector" name="test_run_code_quality_check" time="0.005" /><testcase classname="tests.chroma_mcp_client.validation.test_evidence_collector.TestEvidenceCollector" name="test_build_evidence" time="0.006" /><testcase classname="tests.chroma_mcp_client.validation.test_evidence_collector.TestEvidenceCollector" name="test_meets_threshold" time="0.006" /><testcase classname="tests.chroma_mcp_client.validation.test_evidence_collector.TestEvidenceCollector" name="test_store_evidence" time="0.015" /><testcase classname="tests.chroma_mcp_client.validation.test_evidence_collector" name="test_collect_and_score_evidence" time="0.011" /><testcase classname="tests.chroma_mcp_client.validation.test_promotion.TestLearningPromoter" name="test_init" time="0.005" /><testcase classname="tests.chroma_mcp_client.validation.test_promotion.TestLearningPromoter" name="test_get_validation_evidence" time="0.009" /><testcase classname="tests.chroma_mcp_client.validation.test_promotion.TestLearningPromoter" name="test_format_learning" time="0.005" /><testcase classname="tests.chroma_mcp_client.validation.test_promotion.TestLearningPromoter" name="test_promote_learning" time="0.010" /><testcase classname="tests.chroma_mcp_client.validation.test_promotion.TestLearningPromoter" name="test_promote_by_evidence_id" time="0.008" /><testcase classname="tests.chroma_mcp_client.validation.test_promotion" name="test_promote_validated_learning" time="0.005" /><testcase classname="tests.chroma_mcp_client.validation.test_runtime_collector.TestRuntimeCollector" name="test_parse_error_log" time="0.015" /><testcase classname="tests.chroma_mcp_client.validation.test_runtime_collector.TestRuntimeCollector" name="test_parse_error_log_file_not_found" time="0.006" /><testcase classname="tests.chroma_mcp_client.validation.test_runtime_collector.TestRuntimeCollector" name="test_compare_error_logs" time="0.005" /><testcase classname="tests.chroma_mcp_client.validation.test_runtime_collector.TestRuntimeCollector" name="test_create_runtime_error_evidence" time="0.006" /><testcase classname="tests.chroma_mcp_client.validation.test_runtime_collector.TestRuntimeCollector" name="test_store_runtime_errors" time="0.009" /><testcase classname="tests.chroma_mcp_client.validation.test_schemas.TestValidationSchemas" name="test_test_transition_evidence_schema" time="0.005" /><testcase classname="tests.chroma_mcp_client.validation.test_schemas.TestValidationSchemas" name="test_runtime_error_evidence_schema" time="0.006" /><testcase classname="tests.chroma_mcp_client.validation.test_schemas.TestValidationSchemas" name="test_code_quality_evidence_schema" time="0.005" /><testcase classname="tests.chroma_mcp_client.validation.test_schemas.TestValidationSchemas" name="test_validation_evidence_schema" time="0.006" /><testcase classname="tests.chroma_mcp_client.validation.test_schemas.TestValidationSchemas" name="test_score_calculation" time="0.006" /></testsuite></testsuites>